// Jest Snapshot v1, https://goo.gl/fbAQLP

exports[`Gift initial dom content renders wrapper 1`] = `ShallowWrapper {}`;
